[besibaja-dis.netlify.app/index.html]
[backblue.gif]
[fade.gif]
[index.html]
[besibaja-dis.netlify.app/images/logo-dis.png]
[besibaja-dis.netlify.app/css/bootstrap.min.css]
[besibaja-dis.netlify.app/css/animate.css]
[besibaja-dis.netlify.app/css/font-awesome.min.css]
[besibaja-dis.netlify.app/css/owl.theme.css]
[besibaja-dis.netlify.app/css/owl.carousel.css]
[besibaja-dis.netlify.app/css/style.css]
[besibaja-dis.netlify.app/images/1024px-HK_Central_Piers_construction_site_building_material_steel.jpg]
[besibaja-dis.netlify.app/images/produk/Supplier-Material-Besi-Baja-Beton.8.delayed]
[besibaja-dis.netlify.app/images/produk/Besi-Pipa-kotak.9.delayed]
[besibaja-dis.netlify.app/images/produk/a6683fc0-3033-48e3-be7d-e4f95290ea7dw.a.delayed]
[besibaja-dis.netlify.app/images/produk/index.b.delayed]
[besibaja-dis.netlify.app/images/produk/expanded-metal-lathing-details.c.delayed]
[besibaja-dis.netlify.app/images/produk/f70a1da9-8834-4e84-93cb-b593a0c24589w.d.delayed]
[besibaja-dis.netlify.app/images/produk/d4a5bbe8-8258-4ab7-b514-2a396f39af61w.e.delayed]
[besibaja-dis.netlify.app/images/produk/7c46ab09-eab1-4014-b198-7ddd20c230bbw.f.delayed]
[besibaja-dis.netlify.app/images/produk/jual-kawat-harmonika-surabaya-300x300.10.delayed]
[besibaja-dis.netlify.app/images/produk/88be837d-ffd8-4173-995d-871a9b1a03f6w.11.delayed]
[besibaja-dis.netlify.app/images/produk/a04b77a0-78fc-4a19-a823-9557f6ec9e96w.12.delayed]
[besibaja-dis.netlify.app/images/produk/bs1387blacksteelpipe.13.delayed]
[besibaja-dis.netlify.app/images/produk/mild-steel-plate-250x250.14.delayed]
[besibaja-dis.netlify.app/images/produk/Wiremesh.15.delayed]
[besibaja-dis.netlify.app/www.dis.or.16.delayed]
[besibaja-dis.netlify.app/js/jquery.js]
[besibaja-dis.netlify.app/js/bootstrap.min.js]
[besibaja-dis.netlify.app/js/jquery.parallax.js]
[besibaja-dis.netlify.app/js/owl.carousel.min.js]
[besibaja-dis.netlify.app/js/smoothscroll.js]
[besibaja-dis.netlify.app/js/wow.min.js]
[besibaja-dis.netlify.app/index.html]
[besibaja-dis.netlify.app/js/custom.js]
[besibaja-dis.netlify.app/fonts/glyphicons-halflings-regular.1e.delayed]
[besibaja-dis.netlify.app/fonts/glyphicons-halflings-regular.1fd41d.delayed]
[besibaja-dis.netlify.app/fonts/glyphicons-halflings-regular.20.delayed]
[besibaja-dis.netlify.app/fonts/glyphicons-halflings-regular.21.delayed]
[besibaja-dis.netlify.app/fonts/glyphicons-halflings-regular.22.delayed]
[besibaja-dis.netlify.app/fonts/glyphicons-halflings-regular.23.delayed]
[besibaja-dis.netlify.app/css/bootstrap.min.css]
[besibaja-dis.netlify.app/css/animate.css]
[besibaja-dis.netlify.app/fonts/fontawesome-webfont3295.eot]
[besibaja-dis.netlify.app/fonts/fontawesome-webfontd41d.eot]
[besibaja-dis.netlify.app/fonts/fontawesome-webfont3295.woff2]
[besibaja-dis.netlify.app/fonts/fontawesome-webfont3295.woff]
[besibaja-dis.netlify.app/fonts/fontawesome-webfont3295.ttf]
[besibaja-dis.netlify.app/css/font-awesome.min.css]
[besibaja-dis.netlify.app/fonts/fontawesome-webfont3295.svg]
[besibaja-dis.netlify.app/css/AjaxLoader.2a.delayed]
[besibaja-dis.netlify.app/css/owl.theme.css]
[besibaja-dis.netlify.app/css/grabbing.2b.delayed]
[besibaja-dis.netlify.app/css/owl.carousel.css]
[besibaja-dis.netlify.app/images/building_materials.jpg]
[besibaja-dis.netlify.app/images/slider.jpg]
[besibaja-dis.netlify.app/images/BC-Leads_Home-Banner1.jpg]
[besibaja-dis.netlify.app/images/contact-bg.jpg]
[besibaja-dis.netlify.app/css/style.css]
[besibaja-dis.netlify.app/images/produk/Supplier-Material-Besi-Baja-Beton.html]
[besibaja-dis.netlify.app/images/produk/Besi-Pipa-kotak.html]
[besibaja-dis.netlify.app/images/produk/a6683fc0-3033-48e3-be7d-e4f95290ea7dw.html]
[besibaja-dis.netlify.app/images/produk/index.html]
[besibaja-dis.netlify.app/images/produk/expanded-metal-lathing-details.html]
[besibaja-dis.netlify.app/images/produk/f70a1da9-8834-4e84-93cb-b593a0c24589w.html]
[besibaja-dis.netlify.app/images/produk/d4a5bbe8-8258-4ab7-b514-2a396f39af61w.html]
[besibaja-dis.netlify.app/images/produk/7c46ab09-eab1-4014-b198-7ddd20c230bbw.html]
[besibaja-dis.netlify.app/images/produk/jual-kawat-harmonika-surabaya-300x300.html]
[besibaja-dis.netlify.app/images/produk/88be837d-ffd8-4173-995d-871a9b1a03f6w.html]
[besibaja-dis.netlify.app/images/produk/a04b77a0-78fc-4a19-a823-9557f6ec9e96w.html]
[besibaja-dis.netlify.app/images/produk/bs1387blacksteelpipe.html]
[besibaja-dis.netlify.app/images/produk/mild-steel-plate-250x250.html]
[besibaja-dis.netlify.app/images/produk/Wiremesh.html]
[besibaja-dis.netlify.app/www.dis.or.html]
[besibaja-dis.netlify.app/fonts/glyphicons-halflings-regular.html]
[besibaja-dis.netlify.app/fonts/glyphicons-halflings-regulard41d.html]
[besibaja-dis.netlify.app/fonts/glyphicons-halflings-regular-2.html]
[besibaja-dis.netlify.app/fonts/glyphicons-halflings-regular-3.html]
[besibaja-dis.netlify.app/fonts/glyphicons-halflings-regular-4.html]
[besibaja-dis.netlify.app/fonts/glyphicons-halflings-regular-5.html]
[besibaja-dis.netlify.app/fonts/fontawesome-webfont3295.svg]
[besibaja-dis.netlify.app/css/AjaxLoader.html]
[besibaja-dis.netlify.app/css/grabbing.html]
